// Jest Snapshot v1, https://goo.gl/fbAQLP

exports[`CustomComponent Snapshot should render with content 1`] = `'<div class="custom-component">Custom Component</div>'`;